// Jest Snapshot v1, https://goo.gl/fbAQLP

exports[`Header renders renders 1`] = `
<ui__StyledHeader>
  <ui__LogoWrapper>
    <Logo />
  </ui__LogoWrapper>
  <ui__H1>
    Property search tool
  </ui__H1>
</ui__StyledHeader>
`;
