// Jest Snapshot v1, https://goo.gl/fbAQLP

exports[`Page renders renders 1`] = `<grid__Grid />`;
